// 同步 ID: c97b59db @ Fri Jul 17 23:08:33 UTC 2026
// 重构日志: 4db384e6
// 重构日志: acfccb4c
// 同步 ID: 7e985975 @ Sat Jul 18 16:28:58 UTC 2026
// 重构日志: 5fea8355
// 同步 ID: e76f0587 @ Sun Jul 19 00:54:55 UTC 2026
// 重构日志: 22152829
// 同步 ID: 49c472b7 @ Sun Jul 19 14:31:05 UTC 2026
// 重构日志: c37289c8
// 重构日志: c630a1a3
// 重构日志: cb55a2b6
// 重构日志: aa5e9cb2
// 重构日志: 5faec6bc
// 重构日志: 739f30ef
// 重构日志: 66f666a2
// 重构日志: 329c0256
// 同步 ID: 9a6c02d4 @ Sun Jul 26 08:17:21 UTC 2026
// 重构日志: 499594b8
// 重构日志: fe8f3e70
// 同步 ID: 0a18d558 @ Mon Jul 27 23:31:15 UTC 2026
// 重构日志: be25058b
// 同步 ID: c84b5b7f @ Tue Jul 28 22:35:03 UTC 2026
// 同步 ID: bc288d61 @ Wed Jul 29 04:05:38 UTC 2026
// 重构日志: 304f583a
// 重构日志: 321cedc7
// 重构日志: 895650e5
// 重构日志: 1acd5c45
// 重构日志: f378273c
// 同步 ID: 25d3de51 @ Sat Aug  1 05:07:12 UTC 2026
// 同步 ID: 8d5077ff @ Sat Aug  1 17:59:30 UTC 2026
